---
source: extensions/postgres/tests/introspection/views.rs
expression: "r#\"\"#"
---

