---
source: cli/protoc-gen-grafbase-subgraph/tests/codegen_tests.rs
expression: combined_output
input_file: cli/protoc-gen-grafbase-subgraph/tests/testcases/no_services.proto
---

