---
source: cli/protoc-gen-grafbase-subgraph/tests/codegen_tests.rs
expression: "fs::read_to_string(entry.path()).unwrap()"
input_file: cli/protoc-gen-grafbase-subgraph/tests/codegen/options/grafbase/options.proto
---
extend schema
  @link(url: "https://grafbase.com/extensions/grpc/0.1.2", import: ["@protoServices", "@protoEnums", "@protoMessages", "@grpcMethod"])

"64 bit signed integer" scalar I64
"64 bit unsigned integer" scalar U64
